29 81 00 8F FF 20 09 00 9A 04 E4 35 10 03 F1 EB
66 65 65 65 65 65 50 50 50 50 51 42 00 00 FF FF
FF FF 57 55 53 51 52 50 4E 4E 4E 4E 4F 4F 51 56
02 00 FF FF 00 FF 00 00 FF FF 66 67 67 67 65 65
4E 4E 4E 4E 4E 06 00 00 FF FF FF FF 58 57 56 55
5A 57 54 54 55 55 4E 4E 4E 52 02 00 FF FF 00 FF
00 00 FF FF FF FF FF FF FF FF FF FF FF FF FF FF
FF FF FF FF FF FF FF FF FF FF FF FF FF FF FF FF
FF FF FF FF FF FF FF FF FF FF FF FF FF FF FF FF
FF FF FF FF FF FF FF FF FF FF FF FF FF FF FF FF
FF FF FF FF FF FF FF FF FF FF FF FF FF FF FF FF
FF FF FF FF FF FF FF FF 7F 46 FF 00 FF FF FF FF
FF 20 00 11 00 00 FF FF 00 43 03 FF FF FF FF FF
2A 29 FF FF FF FF FF FF FF FF FF FF FF FF FF FF
FF FF FF FF FF FF FF FF FF FF FF FF FF FF FF FF
FF FF FF FF FF FF FF FF FF FF FF FF FF FF FF FF
F0 94 65 D3 58 C5 FF FF CD F0 FF FF FF FF FF FF
46 46 FC A0 D8 D8 FD FF 35 8C FF FF FF FF FF FF
FF FF FF FF FF FF FF FF FF FF FF FF FF FF FF FF
FF FF FF FF FF FF FF FF FF FF FF FF FF FF FF FF
FF FF FF FF FF FF FF FF FF FF FF FF FF FF FF FF
DA 0B 2C C8 FF 7E 02 00 E0 4C 09 A1 6C 09 03 52
65 61 6C 74 65 6B 0E 03 38 30 32 2E 31 31 61 63
20 4E 49 43 08 03 31 32 33 34 35 36 FF FF FF FF
FF FF FF FF FF FF FF FF FF FF FF FF FF FF FF FF
FC FE FF FF 00 00 21 0F FF FF FF FF FF FF FF FF
FF FF FF FF FF FF FF FF FF FF FF FF FF FF FF FF
FF FF FF FF FF FF FF FF FF FF FF FF FF FF FF FF
FF FF FF FF FF FF FF FF FF FF FF FF FF FF FF FF
FF FF FF FF FF FF FF FF FF FF FF FF FF FF FF FF
FF FF FF FF FF FF FF FF FF FF FF FF FF FF FF FF
FF FF FF FF FF FF FF FF FF FF FF FF FF FF FF FF
FF FF FF FF FF FF FF FF FF FF FF FF FF FF FF FF
FF FF FF FF FF FF FF FF FF FF FF FF FF FF FF FF
FF FF FF FF FF FF FF FF FF FF FF FF FF FF FF FF
FF FF FF FF FF FF FF FF FF FF FF FF FF FF FF FF
FF FF FF FF FF FF FF FF FF FF FF FF FF FF FF FF
FF FF FF FF FF FF FF FF FF FF FF FF FF FF FF FF
FF FF FF FF FF FF FF FF FF FF FF FF FF FF FF FF
FF FF FF FF FF FF FF FF FF FF FF FF FF FF FF FF
FF FF FF FF FF FF FF FF FF FF FF FF FF FF FF FF
FF FF FF FF FF FF FF FF FF FF FF FF FF FF FF FF
FF FF FF FF FF FF FF FF FF FF FF FF FF FF FF FF
FF FF FF FF FF FF FF FF FF FF FF FF FF FF FF FF
FF FF FF FF FF FF FF FF FF FF FF FF FF FF FF FF
FF FF FF FF FF FF FF FF FF FF FF FF FF FF FF FF
FF FF FF FF FF FF FF FF FF FF FF FF FF FF FF FF
FF FF FF FF FF FF FF FF FF FF FF FF FF FF FF FF
